// Jest Snapshot v1, https://goo.gl/fbAQLP

exports[`renders and matches the current snapshot 1`] = `
Array [
  <div
    className="headline-scaffold"
  >
    <div
      className="headline-row"
    >
      <h1
        className="headline"
      >
        I build
      </h1>
    </div>
    <div
      className="headline-row"
    >
      <h1
        className="headline"
      >
        websites
      </h1>
    </div>
    <div
      className="headline-row last"
    >
      <h1
        className="headline"
      >
        that
      </h1>
      <img
        alt="champagne bottle logo"
        className="logo"
        src="/static/svg/champagne-logo.svg"
      />
    </div>
  </div>,
  <div
    className="landing-lower-section"
  >
    <div
      className="vertical-line"
    >
      <nav
        className="landing-nav"
      >
        <ul>
          <li
            className="landing-nav-item"
          >
            <a
              href="/biographique"
              onClick={[Function]}
            >
              biographique
            </a>
          </li>
          <li
            className="landing-nav-item"
          >
            <a
              href="/works"
              onClick={[Function]}
            >
              works
            </a>
          </li>
          <li
            className="landing-nav-item"
          >
            <a
              href="/thoughts"
              onClick={[Function]}
            >
              thoughts
            </a>
          </li>
          <li
            className="landing-nav-item"
          >
            <a
              href="mailto:apettigrew.wsdev@gmail.com"
              onClick={[Function]}
            >
              tacoboutit
            </a>
          </li>
        </ul>
      </nav>
      <span>
        Pull Me
      </span>
      <img
        alt="sphere"
        className="sphere-icon"
        src="/static/svg/sphere.svg"
      />
    </div>
  </div>,
  <footer
    className="social-links"
  >
    <a
      className="high-light-link"
      href="#"
      rel="noreferrer"
    >
      Linkedin
    </a>
    <a
      className="high-light-link"
      href="#"
      rel="noreferrer"
    >
      Github
    </a>
    <a
      className="high-light-link"
      href="#"
      rel="noreferrer"
    >
      Twitter
    </a>
  </footer>,
]
`;
